// Jest Snapshot v1, https://goo.gl/fbAQLP

exports[`Home component renders correctly 1`] = `
<div
  className="main-home"
>
  <h2>
    Welcome to our page !
  </h2>
  <p>
    This calculator app provides simple mathematical functions in a beautifully designed app.
  </p>
  <p>
    <span>
      • Perform basic calculations such as addition, subtraction,
    </span>
    <span>
       multiplication, division and porcentage.
    </span>
  </p>
  <p>
    <span>
      • Find a wide range of inspirational succes quotes if you
    </span>
    <span>
       need an extra push to get stuff done.
    </span>
  </p>
</div>
`;
