// Jest Snapshot v1, https://goo.gl/fbAQLP

exports[`Quotes component renders correctly 1`] = `
<div
  className="main_quotes"
>
  <p
    className="quote_content"
  >
    Loading...
  </p>
</div>
`;
